BLANK.FRM ; used as vertex pointer for MSET000.FRM jumping cursor in F1 demo, see also line 267
MSEF000.FRM ; red hex mouse pointer with empty space inside
EGG.FRM ; translucent "egg" effect around protagonist
MSEF001.FRM ; green hex mouse pointer (used in editor)
actionh.FRM ; *** NOT USED ***
actionm.FRM ; *** NOT USED ***
BIGREDUP.FRM ; FACE big red button, not pressed
BIGREDDN.FRM ; FACE big red button, pressed
LILREDUP.FRM ; small red button, not pressed
LILREDDN.FRM ; small red button, pressed
MAPDN.FRM ; FACE mini-map call button, held down
MAPHV.FRM ; *** NOT USED *** (rudiment of the F1 demo version)
MAPMK.FRM ; *** NOT USED *** (rudiment of the F1 demo version)
MAPUP.FRM ; FACE mini-map call button, not held down
ENDTDN.FRM ; *** NOT USED ***
ENDTUP.FRM ; *** NOT USED ***
IFACE.FRM ; FACE main interface panel at the bottom of the screen
OPTIDN.FRM ; FACE options menu call button, held down
OPTIUP.FRM ; FACE options menu call button, not held down
TMAPDN.FRM ; *** NOT USED ***
TMAPHV.FRM ; *** NOT USED ***
TMAPUP.FRM ; *** NOT USED ***
WMAPDN.FRM ; *** NOT USED ***
WMAPHV.FRM ; *** NOT USED ***
WMAPUP.FRM ; *** NOT USED ***
LATTKBDN.FRM ; *** NOT USED ***
LATTKBDS.FRM ; *** NOT USED ***
LATTKBUP.FRM ; *** NOT USED ***
LATTKSDN.FRM ; *** NOT USED ***
LATTKSDS.FRM ; *** NOT USED ***
LATTKSUP.FRM ; *** NOT USED ***
SATTKBDN.FRM ; FACE panel of the active hand, pressed
SATTKBUP.FRM ; FACE panel of the active hand, not pressed
SATTKSUP.FRM ; *** NOT USED ***
UATTKBDN.FRM ; *** NOT USED ***
UATTKBUP.FRM ; *** NOT USED ***
UATTKSDN.FRM ; *** NOT USED ***
UATTKSUP.FRM ; *** NOT USED ***
KARMAFDR.FRM ; see KARMAFDR in line 179 (despite duplication, cannot be deleted)
TBLCRD.FRM ; *** NOT USED *** (in F1 it was Tim Kane's exploding head)
TX_W_B.FRM ; TEXT burst
TX_S_A.FRM ; TEXT kick
TX_P_A.FRM ; TEXT punch
TX_W_A.FRM ; TEXT single shot
TX_W_F.FRM ; TEXT swing
TX_W_E.FRM ; TEXT stab
INVBUTDN.FRM ; FACE button to call the inventory window, pressed
INVBUTUP.FRM ; FACE button to call the inventory window, not pressed
INVBOX.FRM ; INV protagonist's inventory window
INVUPOUT.FRM ; INV button to scroll up the inventory, not pressed
INVUPIN.FRM ; INV button to scroll up the inventory, pressed
INVDNOUT.FRM ; INV button to scroll down the inventory, not pressed
INVDNIN.FRM ; INV button to scroll down the inventory, pressed
INVUPDS.FRM ; INV button to scroll up the inventory, not active
INVDNDS.FRM ; INV button to scroll down the inventory, not active
autohi.FRM ; *** NOT USED ***
CHADN.FRM ; FACE button to call up the stats window, held down
CHAUP.FRM ; FACE button to call up the stats window, not held down
PIPDN.FRM ; FACE button to call up the PipBoy, held down
PIPUP.FRM ; FACE button to call up the PipBoy, not held down
TINREDDN.FRM ; tiny red button, held down
TINREDUP.FRM ; tiny red button, not held down
towndim.FRM ; *** NOT USED ***
townhi.FRM ; *** NOT USED ***
worlddim.FRM ; *** NOT USED ***
worldhi.FRM ; *** NOT USED ***
LATURBDN.FRM ; *** NOT USED ***
LATURBDS.FRM ; *** NOT USED ***
LATURBUP.FRM ; *** NOT USED ***
LATURSDN.FRM ; *** NOT USED ***
LATURSDS.FRM ; *** NOT USED ***
LATURSUP.FRM ; *** NOT USED ***
SATURBDN.FRM ; FACE panel of the active hand during injury, clamped
SATURBUP.FRM ; FACE panel of the active hand during injury, not clamped
SATURSUP.FRM ; *** NOT USED *** FACE small panel of the active hand during injury (rudiment F1), not clamped
UATURBDN.FRM ; *** NOT USED ***
UATURBUP.FRM ; *** NOT USED ***
UATURSDN.FRM ; *** NOT USED ***
UATURSUP.FRM ; *** NOT USED ***
SATURSDN.FRM ; *** NOT USED *** FACE small panel of the active hand when injured (rudiment F1), clamped
ACTIONT.FRM ; *** NOT USED ***
ACTIONI.FRM ; *** NOT USED ***
NUMBERS.FRM ; FACE numbers for the health and armor counter
HLGRN.FRM ; FACE green OD light
HLYEL.FRM ; FACE yellow OD light
HLRED.FRM ; FACE OD light red
PERKWIN.FRM ; new ability selection window
DI_BGDN1.FRM ; dialog repeat window, large scroll down button, not pressed
DI_BGDN2.FRM ; dialog repeat window, large scroll down button, pressed
DI_BGUP1.FRM ; dialog repeat window, large scroll up button, not pressed
DI_BGUP2.FRM ; dialog repeat window, large scroll up button, pressed
DI_DONE1.FRM ; dialog repeat window, large NEXT button, not pressed
DI_DONE2.FRM ; dialog repeat window, large NEXT button, pressed
DI_DOWN1.FRM ; barter window, scroll down button, not pressed
DI_DOWN2.FRM ; barter window, scroll down button, pressed
DI_RDBT1.FRM ; dialog window, red button, not pressed
DI_RDBT2.FRM ; dialog window, red button, pressed
DI_REST1.FRM ; dialog repeat window call button, not pressed
DI_REST2.FRM ; dialog repeat window call button, pressed
DI_TALK.FRM ; dialog window with answer selection, F1 rudiment (although this window is not observed in the game, the file itself is important for the system)
DI_UP1.FRM ; barter window - scroll up button, not pressed
DI_UP2.FRM ; barter window - scroll up button, pressed
REVIEW.FRM ; dialog repeat window
DI_FON.FRM ; dialogue window - background image
ENDANIM.FRM ; FACE combat panel with opening and closing animation
ENDTURNU.FRM ; FACE combat panel, end turn button, not pressed
ENDTURND.FRM ; FACE combat panel, end turn button, pressed
ENDCMBTU.FRM ; FACE combat panel, end battle button, not pressed
ENDCMBTD.FRM ; FACE combat panel, end battle button, pressed
ENDLTGRN.FRM ; FACE combat panel, green lights around panel
ENDLTRED.FRM ; FACE combat panel, red lights around panel
BARTER.FRM ; barter window - main background
ABOUT.FRM ; *** NOT USED *** (dialogue window with answer selection from F1)
USE.FRM ; INV window for using inventory through a backpack
LOOT.FRM ; INV window for exchanging inventory between the main character and the container in F1 (although this window is not visible in the game, the file itself is important for the system)
HILIGHT1.FRM ; dialogue window, highlighting from above
HILIGHT2.FRM ; dialogue window, highlighting from below
TX_W_G.FRM ; TEXT throw
CALLED.FRM ; aiming window
SKLDXON.FRM ; skill selection window, button, pressed
SKLDXOFF.FRM ; skill selection window, button, not pressed
SKLDXBOX.FRM ; skill selection window, main background
SLU.FRM ; left arrow button, not pressed
SLD.FRM ; left arrow button, pressed
SRU.FRM ; right arrow button, not pressed
SRD.FRM ; right arrow key, held down
WARNBOX.FRM ; FACE panel with warning text
PIP1.FRM ; PipBoy - main background
PIP2.FRM ; *** NOT USED *** (PipBoy message with date from F1)
MONTHS.FRM ; PipBoy - list of months
NOTENUMS.FRM ; PipBoy - list of numbers for note
ALARMIN.FRM ; PipBoy - alarm button, held down
ALARMOUT.FRM ; PipBoy - alarm button, not held down
PIPX.FRM ; PipBoy - 2000 model logo
MSEF002.FRM ; hexagonal mouse pointer, red filled inside
worldmap.FRM ; *** NOT USED *** (in F1 it was an image of the entire world map)
WMAPBOX.FRM ; world map - main interface background
wmaplabs.FRM ; *** NOT USED *** (list of locations on the world map in F1)
WMAPLOC.FRM ; world map, cursor in the form of a small cross
WMAPTARG.FRM ; world map, movement cursor 1
MAINMENU.FRM ; background of the main menu of the game
EBUT_IN.FRM ; elevator panel - large elevator button, pressed
EBUT_OUT.FRM ; elevator panel - large elevator button, not pressed
EL_BOS.FRM ; elevator panel
EL_MAST1.FRM ; elevator panel
EL_MAST2.FRM ; elevator panel
EL_MIL1.FRM ; elevator panel
EL_MIL2.FRM ; elevator panel
EL_VAULT.FRM ; elevator panel in the shelter
GAJ000.FRM ; elevator panel, instrument panel with arrow
EL_BOS2.FRM ; elevator panel
EL_MIL3.FRM ; elevator panel
EL_MIL4.FRM ; elevator panel
WMAPTRG2.FRM ; world map - movement cursor 2 for animation
wmapfgt0.FRM ; world map - lightning cursor 1
wmapfgt1.FRM ; world map - lightning cursor 2
TWNVILLA.FRM ; Villa location loading window
TWNFLAG.FRM ; Flagstaff location loading window
TWNGARAG.FRM ; Garage City location loading window
TWNBRAHM.FRM ; San Brahmin location loading window
TWNTWSUN.FRM ; Two Sun location loading window
TWNBOS.FRM ; Puerto location loading window
TWNRANGR.FRM ; Rangers location loading window
TWNPNX.FRM ; Phoenix location loading window
TWNGRAND.FRM ; Casa Grande location loading window
TWNINFRN.FRM ; Inferno location loading window
TWNNUEVA.FRM ; Casa Nueva location loading window
TWNZERO.FRM ; universal location loading window
HOTSPOT1.FRM ; world map, inverted triangle marker 1
EDTRCRTE.FRM ; character editor, main background
BIGNUM.FRM ; character editor, large stat numbers
AUTOMAP.FRM ; minimap window - main background
AUTOUP.FRM ; minimap window - detail button, not pressed
AUTODWN.FRM ; minimap window - detail button, pressed
PICKCHAR.FRM ; character editor - character selection window background
AGEMASK.FRM ; character editor - age button mask
AGEOFF.FRM ; character editor - age selection button, not pressed
EDTREDT.FRM ; character editor - character stats window background during gameplay
KARMAFDR.FRM ; character editor - karma section button
KILLSFDR.FRM ; character editor - killed section button
PERKSFDR.FRM ; character editor - ability section button
DNARWOFF.FRM ; character editor - scroll down button, not pressed
DNARWON.FRM ; character editor - scroll down button, pressed
NAMEMSK.FRM ; character editor - name button mask
NAMEON.FRM ; character editor - name input button, not pressed
NAMEOFF.FRM ; character editor - name input button, pressed
FLDRMASK.FRM ; character editor - section button mask
SEXMASK.FRM ; character editor - gender select button mask
SEXOFF.FRM ; character editor - gender select button, not pressed
SEXON.FRM ; character editor - gender select button, pressed
SLIDER.FRM ; character editor - skill change slider
SNEGOFF.FRM ; character editor - skill change slider minus button, not pressed
SNEGON.FRM ; character editor - minus button of skill change slider, held down
SPLSOFF.FRM ; character editor - plus button of skill change slider, not held down
SPLSON.FRM ; character editor - plus button of skill change slider, held down
STNEGOFF.FRM ; character editor - minus button, not held down
STNEGON.FRM ; character editor - minus button, held down
STPLSOFF.FRM ; character editor - plus button, not held down
STPLSON.FRM ; character editor - plus button, held down
UPARWOFF.FRM ; character editor - scroll up button, not held down
UPARWON.FRM ; character editor - scroll up button, held down
COMBAT.FRM ; character selection window - character portrait 1 (fighter)
STEALTH.FRM ; character selection window - character portrait 2 (spy)
DIPLOMAT.FRM ; character selection window - character portrait 3 (diplomat)
AGEON.FRM ; character editor - age selection button, held down
AGEBOX.FRM ; character editor - age input buttons
ATTRIBOX.FRM ; character editor - (probably not used, remnant of F1 demo version)
ATTRIBWN.FRM ; character editor - (probably not used, remnant of F1 demo version)
CHARWIN.FRM ; unknown
DONEBOX.FRM ; unknown
FEMOFF.FRM ; character editor - female gender selection button, not held down
FEMON.FRM ; character editor - female gender selection button, held down
MALEOFF.FRM ; character editor - male gender selection button, not held down
MALEON.FRM ; character editor - male gender selection button, held down
NAMEBOX.FRM ; character editor - window for entering age
TGSKLOFF.FRM ; character editor - button, not pressed
TGSKLON.FRM ; character editor - button, pressed
LGDIALOG.FRM ; medium-sized message box
MEDIALOG.FRM ; small-sized message box
BARARRWS.FRM ; character editor - buttons for scrolling up and down
OPBASE.FRM ; options - main background
OPBTNOFF.FRM ; options - option button, not pressed
OPBTNON.FRM ; options - option button, pressed
HOTSPOT2.FRM ; world map, inverted triangle marker 2
LOADBOX.FRM ; options - download window for selecting a file
SAVEBOX.FRM ; options - download window for saving a file
PIPBOMB.FRM ; PipBoy - a bomb
upsell00.FRM ; *** NOT USED *** (removed F1 demo poster)
upsell01.FRM ; *** NOT USED *** (removed F1 demo poster)
upsell02.FRM ; *** NOT USED *** (removed F1 demo poster)
upsell03.FRM ; *** NOT USED *** (removed F1 demo poster)
upsell04.FRM ; *** NOT USED *** (removed F1 demo poster)
upsell05.FRM ; *** NOT USED *** (removed F1 demo poster)
upsell06.FRM ; *** NOT USED *** (removed F1 demo poster)
upsell07.FRM ; *** NOT USED *** (removed F1 demo poster)
upsell08.FRM ; *** NOT USED *** (removed F1 demo poster)
upsell09.FRM ; *** NOT USED *** (removed F1 demo poster)
LSGAME.FRM ; options - load and save window background
LSGBOX.FRM ; options - save file name input field
LSCOVER.FRM ; options - missing save slot image
PREFSCRN.FRM ; options - settings screen background
PRFSLDOF.FRM ; options - select button, not activated
PRFBKNBS.FRM ; options - large 4 position switch
PRFLKNBS.FRM ; options - small 2 position switch
PRFXIN.FRM ; options - crosshair button, active
PRFXOUT.FRM ; options - crosshair button, inactive
PREFCVR.FRM ; options - unknown
PRFSLDON.FRM ; options - select button, active
PREFTRCK.FRM ; *** NOT USED *** (looks like it)
MSEF003.FRM ; hex mouse pointer red empty inside
ACTARROW.FRM ; left arrow cursor
ACRSHAIR.FRM ; crosshair cursor red 1
ACT_AA.FRM ; action bar - abandon button, inactive
ACT_AB.FRM ; action bar - abandon button, active
ACT_DA.FRM ; action bar - drop item button, inactive
ACT_DB.FRM ; action bar - item drop button, active
ACT_EA.FRM ; action bar - backpack call button, inactive
ACT_EB.FRM ; action bar - backpack call button, active
ACT_FA.FRM ; action bar - examine button, inactive
ACT_FB.FRM ; action bar - examine button, active
ACT_GA.FRM ; action bar - rotate button, inactive
ACT_GB.FRM ; action bar - rotate button, active
ACT_HA.FRM ; action bar - dialog button, inactive
ACT_HB.FRM ; action bar - dialog button, active
ACT_IA.FRM ; action bar - activation button, active
ACT_IB.FRM ; action bar - activation button, active
BLANK.FRM ; Mouse cursor - none ( 1 x 1 transparent)
STDARROW.FRM ; mouse cursor arrow - standard arrow
SUPARROW.FRM ; arrow mouse cursor - small up arrow
SDNARROW.FRM ; arrow mouse cursor - small down arrow
SCRNWEST.FRM ; arrow mouse cursor - scroll northwest
SCRNORTH.FRM ; arrow mouse cursor - scroll north
SCRNEAST.FRM ; arrow mouse cursor - scroll northeast
SCREAST.FRM ; arrow mouse cursor - scroll east
SCRSEAST.FRM ; arrow mouse cursor - scroll southeast
SCRSOUTH.FRM ; arrow mouse cursor - scroll south
SCRSWEST.FRM ; arrow mouse cursor - scroll southwest
SCRWEST.FRM ; arrow mouse cursor - scroll west
WAITA.FRM ; planet wait cursor
CRSSHAIR.FRM ; red 2 crosshair cursor
PLUS.FRM ; plus mouse cursor (used in editor)
DESTROY.FRM ; clear cursor (used in editor)
ACT_PICK.FRM ; action bar - interaction button
ACT_MENU.FRM ; action bar - full panel menu
ACTTOHIT.FRM ; red crosshair cursor 3
ACTARROM.FRM ; right arrow cursor
HAND.FRM ; INV cursor pointer in inventory window
TX_UNRMD.FRM ; TEXT unarmed (apparently not used - Fallout 1 relic)
TX_W_D.FRM ; TEXT aimed shot marker
TX_PNTA.FRM ; TEXT digits for item slot
TX_PNTB.FRM ; TEXT OD inscription
TX_W_C.FRM ; TEXT reload
TX_USET.FRM ; TEXT use (when slot is not pressed)
CROSSUSE.FRM ; crosshair cursor yellow
TX_USEON.FRM ; TEXT use (when slot is pressed)
WAITB.FRM ; wait cursor with clock running
FALLTEXT.FRM ; Fallout sticker in demo
HELPSCRN.FRM ; options - help file window, Windows version
HELPMAC.FRM ; options - help file window, Mac version
MENUUP.FRM ; options - red button in main menu, not pressed
MENUDOWN.FRM ; options - red button in main menu, pressed
ACT_CA.FRM ; action bar - reload button, active
ACT_CB.FRM ; action bar - reload button, inactive
ACT_BA.FRM ; action bar - skill button, active
ACT_BB.FRM ; action bar - skill button, inactive
MOVEMULT.FRM ; INV interface for moving multiple items
TIMER.FRM ; INV timer for dynamite menu
ALLBON.FRM ; INV interface for moving multiple items - button pressed
ALLBOFF.FRM ; INV interface for moving multiple items - button not pressed
DEATH.FRM ; protagonist's death slide
WAITC.FRM ; wait cursor with stopped clock
SEQ2AD.FRM ; *** NOT USED *** (F1 ending slide)
SEQ2B.FRM ; *** NOT USED *** (F1 ending slide)
SEQ3A.FRM ; *** NOT USED *** (F1 ending slide)
SEQ3C.FRM ; *** NOT USED *** (F1 ending slide)
SEQ5A.FRM ; *** NOT USED *** (F1 ending slide)
SEQ5B.FRM ; *** NOT USED *** (F1 ending slide)
SEQ5D.FRM ; *** NOT USED *** (F1 ending slide)
SEQ6A.FRM ; *** NOT USED *** (F1 ending slide)
SEQ6B.FRM ; *** NOT USED *** (F1 ending slide)
SEQ8ABC.FRM ; *** NOT USED *** (F1 ending slide)
SHABAD3.FRM ; *** NOT USED ***
SHAGOD2.FRM ; *** NOT USED ***
SEQ4ABC.FRM ; *** NOT USED *** (F1 ending slide)
SEQ4DE.FRM ; *** NOT USED *** (F1 ending slide)
SEQ7A.FRM ; *** NOT USED *** (F1 ending slide)
SEQ7C.FRM ; *** NOT USED *** (F1 ending slide)
DP.FRM ; *** NOT USED *** (F1 desert ending slide)
SCREX.FRM ; arrow cursor - invalid scroll east
SCRNEX.FRM ; arrow cursor - invalid scroll northeast
SCRNWX.FRM ; arrow cursor - invalid scroll northwest
SCRNX.FRM ; arrow cursor - invalid scroll north
SCRSEX.FRM ; arrow cursor - invalid scroll southeast
SCRSWX.FRM ; arrow cursor - invalid scroll southwest
SCRSX.FRM ; arrow cursor - invalid scroll south
SCRWX.FRM ; arrow cursor - invalid scroll west
WRLDSPR0.FRM ; world map - location marker small
WRLDSPR1.FRM ; world map - location marker medium
WRLDSPR2.FRM ; world map - location marker large
WRLDMP00.FRM ; world map - Tile 0
WRLDMP01.FRM ; world map - Tile 1
WRLDMP02.FRM ; world map - Tile 2
WRLDMP03.FRM ; world map - Tile 3
WRLDMP04.FRM ; World Map - Tile 4
WRLDMP05.FRM ; World Map - Tile 5
WRLDMP06.FRM ; World Map - Tile 6
WRLDMP07.FRM ; World Map - Tile 7
WRLDMP08.FRM ; World Map - Tile 8
WRLDMP09.FRM ; World Map - Tile 9
WRLDMP10.FRM ; World Map - Tile 10
WRLDMP11.FRM ; World Map - Tile 11
WRLDMP12.FRM ; World Map - Tile 12
WRLDMP13.FRM ; World Map - Tile 13
WRLDMP14.FRM ; World Map - Tile 14
WRLDMP15.FRM ; World Map - Tile 15
WRLDMP16.FRM ; world map - Tile 16
WRLDMP17.FRM ; world map - Tile 17
WRLDMP18.FRM ; world map - Tile 18
WRLDMP19.FRM ; world map - Tile 19
WMINFCE0.FRM ; world map - Background Top
WMINFCE1.FRM ; world map - Background Left
WMINFCE2.FRM ; world map - Background Right
WMINFCE3.FRM ; world map - Background Bottom
WMSCREEN.FRM ; world map - frame for transport icon
WMTABS.FRM ; world map - empty list of cities
WMDIAL.FRM ; world map - day and night dashboard
WMGLOBE.FRM ; world map - map information plate
WMTBEDGE.FRM ; world map - frame for list of cities
WM_00.FRM ; world map - location marker 0
WM_01.FRM ; world map - location marker 1
WM_02.FRM ; world map - location marker 2
WM_03.FRM ; world map - location marker 3
WM_04.FRM ; world map - location marker 4
WM_05.FRM ; world map - location marker 5
WM_06.FRM ; world map - location marker 6
WM_07.FRM ; world map - location marker 7
WM_08.FRM ; world map - location marker 8
WM_09.FRM ; world map - location marker 9
WM_10.FRM ; world map - location marker 10
WM_11.FRM ; world map - location marker 11
WM_12.FRM ; world map - location marker 12
WM_13.FRM ; world map - location marker 13
WM_14.FRM ; world map - location marker 14
WM_15.FRM ; world map - location marker 15
WM_16.FRM ; world map - location marker 16
WM_17.FRM ; world map - location marker 17
WM_18.FRM ; world map - location marker 18
WM_19.FRM ; world map - location marker 19
EL_BASE1.FRM ; elevator panel - Sierra base in F2
DI_TALKP.FRM ; party member window - dialog window
CONTROL.FRM ; party member window - control window
CUSTOM.FRM ; party member window - customization window
P_AGGDN.FRM ; party member window - command (aggressive down)
P_AGGOFF.FRM ; party member window - command (aggressive disabled)
P_AGGUP.FRM ; party member window - command (aggressive up)
P_BERDN.FRM ; party member window - command (berserk down)
P_BEROFF.FRM ; party member window - command (berserk disabled)
P_BERUP.FRM ; party member window - command (berserk up)
P_COWDN.FRM ; party member window - command (coward down)
P_COWOFF.FRM ; party member window - command (coward disabled)
P_COWUP.FRM ; party member window - command (coward up)
P_CUSDN.FRM ; party member window - command (custom down)
P_CUSOFF.FRM ; party member window - command (custom disabled)
P_CUSUP.FRM ; party member window - command (custom up)
P_DEFDN.FRM ; party member window - command (defensive down)
P_DEFOFF.FRM ; party member window - command (defensive disabled)
P_DEFUP.FRM ; party member window - command (defensive up)
P_ATCKDN.FRM ; party member window - custom command
P_ATCKUP.FRM ; party member window - custom command
P_BRSTDN.FRM ; party member window - custom command
P_BRSTUP.FRM ; party member window - custom command
P_CHEMDN.FRM ; party member window - custom command
P_CHEMUP.FRM ; party member window - custom command
P_DISTDN.FRM ; party member window - custom command
P_DISTUP.FRM ; party member window - custom command
P_RUNDN.FRM ; party member window - custom command
P_RUNUP.FRM ; party member window - custom command
P_WEAPDN.FRM ; party member window - custom command
P_WEAPUP.FRM ; party member window - custom command
CUSSEL.FRM ; party member window - custom command
TRADE.FRM ; party member window - trade with party member window
TX_P_E.FRM ; (CHOPUCH) TEXT jab or quick punch
TX_S_G.FRM ; (DBLOSSK) TEXT punching kick or lethal kick
TX_P_F.FRM ; (DRAGPUCH) TEXT palm strike or dragon hand strike
TX_P_G.FRM ; (FORCPUCH) TEXT thrust punch or power punch
TX_P_C.FRM ; TEXT powerful punch
TX_S_E.FRM ; TEXT crushing kick
TX_S_F.FRM ; (JUMPK) TEXT side kick or jumping kick
TX_P_D.FRM ; (LIGNPUCH) TEXT knockdown punch or lightning punch
TX_S_D.FRM ; (ROUNDK) TEXT powerful kick or roundhouse kick
TX_S_B.FRM ; TEXT strong kick
TX_S_C.FRM ; TEXT precise kick
TX_P_B.FRM ; TEXT strong punch
WMCARMVE.FRM ; world map - image of transport
ACT_JA.FRM ; action bar - push, active
ACT_JB.FRM ; action bar - push, inactive
INVMAUP.FRM ; INV take all button, not pressed
INVMADN.FRM ; INV take all button, pressed
WMRNDEN2.FRM ; world map - new encounter cursor light
WMRNDEN3.FRM ; world map - new encounter cursor dark
TWNHERMO.FRM ; Hermosillo location loading window
WRLDMP20.FRM ; world map - Tile 20
WRLDMP21.FRM ; world map - Tile 21
WRLDMP22.FRM ; world map - Tile 22
WRLDMP23.FRM ; world map - Tile 23
TWNROAD.FRM ; Highway Raiders location loading window
TWNVAULT.FRM ; loading window for Vault 27
END_A1.FRM ; ending - intro slide
END_A2.FRM ; ending - intro slide
END_VA1.FRM ; ending - Villa
END_VA2.FRM ; ending - Villa
END_VA3.FRM ; ending - Villa
END_VA4.FRM ; ending - Villa
END_VB1.FRM ; ending - male protagonist
END_VB2.FRM ; ending - female protagonist
END_RNG1.FRM ; ending - Rangers
END_RNG2.FRM ; ending - Rangers
END_RNG8.FRM ; ending - Ranger General
END_PRT1.FRM ; ending - Puerto
END_PNX1.FRM ; ending - Phoenix
END_PNX2.FRM ; ending - Phoenix
END_PNX3.FRM ; ending - Phoenix
END_TS1.FRM ; ending - TuSan
END_TS2.FRM ; ending - TuSan
END_FL1.FRM ; ending - Flagstaff
END_GR1.FRM ; ending - Garage
END_GR3.FRM ; ending - Garage
END_JC1.FRM ; ending - Jackals
END_VLT.FRM ; ending - Vault27
END_CG1.FRM ; ending - Casa Grande
END_RDR1.FRM ; ending - Raiders
END_CN1.FRM ; ending - Casa Nueva Greenhouses
END_CN2.FRM ; ending - Casa Nueva Greenhouses
END_CN3.FRM ; ending - Casa Nueva Greenhouses
END_CN4.FRM ; ending - Casa Nueva Greenhouses
END_MEX.FRM ; ending - Hermosillo
END_SB1.FRM ; ending - SanBrahmin
END_JC2.FRM ; ending - Jackals
TWNFELIP.FRM ; loading screen for San Felipe location
END_PRT3.FRM ; ending - Puerto
END_SB2.FRM ; ending - SanBrahmin
END_FL3.FRM ; ending - Flagstaff
TWNDAYGL.FRM ; loading screen for Dayglow location
END_RNG9.FRM ; ending - ranger general